
Building Windows application...                                 
Building Windows application...                                    36.4s
